C:\Users\prasa\Documents\workspace-spring-tool-suite-4-4.15.1.RELEASE\05_SPRING_REPORTS_API\src\main\java\in\prasadit\Application.java
C:\Users\prasa\Documents\workspace-spring-tool-suite-4-4.15.1.RELEASE\05_SPRING_REPORTS_API\src\main\java\in\prasadit\rest\RepotsRest.java
C:\Users\prasa\Documents\workspace-spring-tool-suite-4-4.15.1.RELEASE\05_SPRING_REPORTS_API\src\main\java\in\prasadit\response\SearchResponse.java
C:\Users\prasa\Documents\workspace-spring-tool-suite-4-4.15.1.RELEASE\05_SPRING_REPORTS_API\src\main\java\in\prasadit\service\EligiblityDetailsService.java
C:\Users\prasa\Documents\workspace-spring-tool-suite-4-4.15.1.RELEASE\05_SPRING_REPORTS_API\src\main\java\in\prasadit\entity\EligiblityDetails.java
C:\Users\prasa\Documents\workspace-spring-tool-suite-4-4.15.1.RELEASE\05_SPRING_REPORTS_API\src\main\java\in\prasadit\service\ReportsServiceImpl.java
C:\Users\prasa\Documents\workspace-spring-tool-suite-4-4.15.1.RELEASE\05_SPRING_REPORTS_API\src\main\java\in\prasadit\runner\AppRunner.java
C:\Users\prasa\Documents\workspace-spring-tool-suite-4-4.15.1.RELEASE\05_SPRING_REPORTS_API\src\main\java\in\prasadit\request\SearchRequest.java
C:\Users\prasa\Documents\workspace-spring-tool-suite-4-4.15.1.RELEASE\05_SPRING_REPORTS_API\src\main\java\in\prasadit\repo\EligiblityDetailsRepo.java
